Microchip MPLAB XC8 Compiler V1.33 ()

Linker command line:

--edf=/opt/microchip/xc8/v1.33/dat/en_msgs.txt -cs \
  -h+dist/default/production/cube_slave.X.production.sym \
  --cmf=dist/default/production/cube_slave.X.production.cmf -z -Q18F25K80 \
  -o/tmp/cgtegVZ0L -Mdist/default/production/cube_slave.X.production.map \
  -E1 -ver=XC8 -ASTACK=0100h-09ffh -pstack=STACK -ACODE=00h-07FFFh \
  -ACONST=00h-07FFFh -ASMALLCONST=0F00h-0FFFhx113 \
  -AMEDIUMCONST=0F00h-07FFFh -ACOMRAM=01h-05Fh -AABS1=00h-0E40h \
  -ABIGRAM=01h-0E40h -ARAM=060h-0FFh,0100h-01FFhx13,0E00h-0E40h \
  -ABANK0=060h-0FFh -ABANK1=0100h-01FFh -ABANK2=0200h-02FFh \
  -ABANK3=0300h-03FFh -ABANK4=0400h-04FFh -ABANK5=0500h-05FFh \
  -ABANK6=0600h-06FFh -ABANK7=0700h-07FFh -ABANK8=0800h-08FFh \
  -ABANK9=0900h-09FFh -ABANK10=0A00h-0AFFh -ABANK11=0B00h-0BFFh \
  -ABANK12=0C00h-0CFFh -ABANK13=0D00h-0DFFh -ABANK14=0E00h-0E40h \
  -ASFR=0E41h-0EFFh,0F00h-0F5Fh,0F60h-0FFFh \
  -preset_vec=00h,intcode,intcodelo,powerup,init,end_init -pramtop=0F00h \
  -psmallconst=SMALLCONST -pmediumconst=MEDIUMCONST -pconst=CONST \
  -AFARRAM=00h-00h -ACONFIG=0300000h-030000Dh -pconfig=CONFIG \
  -AIDLOC=0200000h-0200007h -pidloc=IDLOC -AEEDATA=0F00000h-0F003FFh \
  -peeprom_data=EEDATA \
  -prdata=COMRAM,nvrram=COMRAM,nvbit=COMRAM,rbss=COMRAM,rbit=COMRAM \
  -pfarbss=FARRAM,fardata=FARRAM,nvFARRAM=FARRAM \
  -pintsave_regs=BIGRAM,bigbss=BIGRAM,bigdata=BIGRAM -pbss=RAM \
  -pidata=CODE,irdata=CODE,ibigdata=CODE,ifardata=CODE /tmp/cgtW1BfYz.obj \
  dist/default/production/cube_slave.X.production.obj 

Object code version is 3.11

Machine type is 18F25K80

Call graph: (short form)




                Name                               Link     Load   Length Selector   Space Scale
/tmp/cgtW1BfYz.obj
                end_init                              0        0        4        0       0
                idloc                            200000   200000        8   200000       0
                config                           300000   300000        E   300000       0
dist/default/production/cube_slave.X.production.obj
                text4                              7EC2     7EC2       3C     3F61       0
                text3                              7E5E     7E5E       2C     3F2F       0
                text2                              7F4E     7F4E       52     3FA7       0
                text1                              7E38     7E38       26     3F1C       0
                text0                              7FA0     7FA0       60     3FD0       0
                cstackCOMRAM                          1        1       58        1       1
                dataBANK0                            B0       B0       50       60       1
                bssBANK0                             60       60       50       60       1
                bssCOMRAM                            59       59        3        1       1
                cinit                              7E8A     7E8A       38     3F45       0
                idataBANK0                         7EFE     7EFE       50     7EFE       0

TOTAL           Name                               Link     Load   Length     Space
        CLASS   STACK          

        CLASS   CODE           
                end_init                              0        0        4         0
                text4                              7EC2     7EC2       3C         0
                text3                              7E5E     7E5E       2C         0
                text2                              7F4E     7F4E       52         0
                text1                              7E38     7E38       26         0
                text0                              7FA0     7FA0       60         0
                cinit                              7E8A     7E8A       38         0
                idataBANK0                         7EFE     7EFE       50         0

        CLASS   CONST          

        CLASS   SMALLCONST     

        CLASS   MEDIUMCONST    

        CLASS   COMRAM         
                cstackCOMRAM                          1        1       58         1
                bssCOMRAM                            59       59        3         1

        CLASS   ABS1           

        CLASS   BIGRAM         

        CLASS   RAM            

        CLASS   BANK0          
                dataBANK0                            B0       B0       50         1
                bssBANK0                             60       60       50         1

        CLASS   BANK1          

        CLASS   BANK2          

        CLASS   BANK3          

        CLASS   BANK4          

        CLASS   BANK5          

        CLASS   BANK6          

        CLASS   BANK7          

        CLASS   BANK8          

        CLASS   BANK9          

        CLASS   BANK10         

        CLASS   BANK11         

        CLASS   BANK12         

        CLASS   BANK13         

        CLASS   BANK14         

        CLASS   SFR            

        CLASS   FARRAM         

        CLASS   CONFIG         
                config                           300000   300000        E         0

        CLASS   IDLOC          
                idloc                            200000   200000        8         0

        CLASS   EEDATA         



SEGMENTS        Name                           Load    Length   Top    Selector   Space  Class

                reset_vec                      000000  000004  000004         0       0  CODE    
                cstackCOMRAM                   000001  00005B  00005C         1       1  COMRAM  
                bssBANK0                       000060  0000A0  000100        60       1  BANK0   
                text1                          007E38  000026  007E5E      3F1C       0  CODE    
                text3                          007E5E  00002C  007E8A      3F2F       0  CODE    
                cinit                          007E8A  000038  007EC2      3F45       0  CODE    
                text4                          007EC2  00003C  007EFE      3F61       0  CODE    
                idataBANK0                     007EFE  000050  007F4E      7EFE       0  CODE    
                text2                          007F4E  000052  007FA0      3FA7       0  CODE    
                text0                          007FA0  000060  008000      3FD0       0  CODE    
                idloc                          200000  000008  200008    200000       0  IDLOC   
                config                         300000  00000E  30000E    300000       0  CONFIG  


UNUSED ADDRESS RANGES

        Name                Unused          Largest block    Delta
        BANK1            000100-0001FF              100
        BANK10           000A00-000AFF              100
        BANK11           000B00-000BFF              100
        BANK12           000C00-000CFF              100
        BANK13           000D00-000DFF              100
        BANK14           000E00-000E40               41
        BANK2            000200-0002FF              100
        BANK3            000300-0003FF              100
        BANK4            000400-0004FF              100
        BANK5            000500-0005FF              100
        BANK6            000600-0006FF              100
        BANK7            000700-0007FF              100
        BANK8            000800-0008FF              100
        BANK9            000900-0009FF              100
        BIGRAM           00005C-00005F                4
                         000100-000E40              D41
        CODE             000004-007E37             7E34
        COMRAM           00005C-00005F                4
        CONST            000004-007E37             7E34
        EEDATA           F00000-F003FF              400
        MEDIUMCONST      000F00-007E37             6F38
        RAM              000100-000E40              100
        SFR              000E41-000FFF               BF
        SMALLCONST       000F00-007E37              100
        STACK            000100-0009FF              900

                                  Symbol Table

_ADCON1                     (abs)        000FC1
_ADCON2                     (abs)        000FC0
_ADON                       (abs)        007E10
_ANCON0                     (abs)        000F5D
_BAUDCON2bits               (abs)        000FB9
_GIE                        (abs)        007F97
_OSCCON                     (abs)        000FD3
_PEIE                       (abs)        007F96
_PIR3bits                   (abs)        000FA4
_PORTA                      (abs)        000F80
_PORTB                      (abs)        000F81
_PORTC                      (abs)        000F82
_RA0                        (abs)        007C00
_RA2                        (abs)        007C02
_RA3                        (abs)        007C03
_RCREG2                     (abs)        000F7A
_RCSTA2bits                 (abs)        000FA6
_SPBRG                      (abs)        000FAF
_SPBRG2                     (abs)        000F7B
_SPBRGH2                    (abs)        000F7C
_TRISA                      (abs)        000F92
_TRISB                      (abs)        000F93
_TRISC                      (abs)        000F94
_TXREG2                     (abs)        000F79
_TXSTA2bits                 (abs)        000FBA
__CFG_BBSIZ$BB2K            (abs)        000000
__CFG_BOREN$SBORDIS         (abs)        000000
__CFG_BORPWR$ZPBORMV        (abs)        000000
__CFG_BORV$3                (abs)        000000
__CFG_CANMX$PORTB           (abs)        000000
__CFG_CP0$ON                (abs)        000000
__CFG_CP1$ON                (abs)        000000
__CFG_CP2$ON                (abs)        000000
__CFG_CP3$ON                (abs)        000000
__CFG_CPB$ON                (abs)        000000
__CFG_CPD$ON                (abs)        000000
__CFG_EBTR0$ON              (abs)        000000
__CFG_EBTR1$ON              (abs)        000000
__CFG_EBTR2$ON              (abs)        000000
__CFG_EBTR3$ON              (abs)        000000
__CFG_EBTRB$ON              (abs)        000000
__CFG_FCMEN$OFF             (abs)        000000
__CFG_FOSC$INTIO2           (abs)        000000
__CFG_IESO$OFF              (abs)        000000
__CFG_INTOSCSEL$HIGH        (abs)        000000
__CFG_MCLRE$OFF             (abs)        000000
__CFG_MSSPMSK$MSK7          (abs)        000000
__CFG_PLLCFG$OFF            (abs)        000000
__CFG_PWRTEN$ON             (abs)        000000
__CFG_RETEN$ON              (abs)        000000
__CFG_SOSCSEL$DIG           (abs)        000000
__CFG_STVREN$ON             (abs)        000000
__CFG_WDTEN$OFF             (abs)        000000
__CFG_WDTPS$1048576         (abs)        000000
__CFG_WRT0$ON               (abs)        000000
__CFG_WRT1$ON               (abs)        000000
__CFG_WRT2$ON               (abs)        000000
__CFG_WRT3$ON               (abs)        000000
__CFG_WRTB$ON               (abs)        000000
__CFG_WRTC$ON               (abs)        000000
__CFG_WRTD$ON               (abs)        000000
__CFG_XINST$OFF             (abs)        000000
__HRAM                      (abs)        000000
__Habs1                     abs1         000000
__Hbank0                    bank0        000000
__Hbank1                    bank1        000000
__Hbank10                   bank10       000000
__Hbank11                   bank11       000000
__Hbank12                   bank12       000000
__Hbank13                   bank13       000000
__Hbank14                   bank14       000000
__Hbank2                    bank2        000000
__Hbank3                    bank3        000000
__Hbank4                    bank4        000000
__Hbank5                    bank5        000000
__Hbank6                    bank6        000000
__Hbank7                    bank7        000000
__Hbank8                    bank8        000000
__Hbank9                    bank9        000000
__Hbigbss                   bigbss       000000
__Hbigdata                  bigdata      000000
__Hbigram                   bigram       000000
__Hbss                      bss          000000
__HbssBANK0                 bssBANK0     000000
__HbssCOMRAM                bssCOMRAM    000000
__Hcinit                    cinit        000000
__Hclrtext                  clrtext      000000
__Hcomram                   comram       000000
__Hconfig                   config       30000E
__Hconst                    const        000000
__HcstackCOMRAM             cstackCOMRAM 000000
__Hdata                     data         000000
__HdataBANK0                dataBANK0    000000
__Heeprom_data              eeprom_data  000000
__Hend_init                 end_init     000004
__Hfarbss                   farbss       000000
__Hfardata                  fardata      000000
__Hibigdata                 ibigdata     000000
__Hidata                    idata        000000
__HidataBANK0               idataBANK0   000000
__Hidloc                    idloc        200008
__Hifardata                 ifardata     000000
__Hinit                     init         000000
__Hintcode                  intcode      000000
__Hintcode_body             intcode_body 000000
__Hintcodelo                intcodelo    000000
__Hintentry                 intentry     000000
__Hintret                   intret       000000
__Hintsave_regs             intsave_regs 000000
__Hirdata                   irdata       000000
__Hmediumconst              mediumconst  000000
__HnvFARRAM                 nvFARRAM     000000
__Hnvbit                    nvbit        000000
__Hnvrram                   nvrram       000000
__Hparam                    rparam       000000
__Hpowerup                  powerup      000000
__Hram                      ram          000000
__Hramtop                   ramtop       000F00
__Hrbit                     rbit         000000
__Hrbss                     rbss         000000
__Hrdata                    rdata        000000
__Hreset_vec                reset_vec    000000
__Hrparam                   rparam       000000
__Hsfr                      sfr          000000
__Hsmallconst               smallconst   000000
__Hspace_0                  (abs)        30000E
__Hspace_1                  (abs)        000100
__Hspace_2                  (abs)        000000
__Hstack                    stack        000000
__Hstruct                   struct       000000
__Htemp                     temp         000000
__Htext                     text         000000
__Htext0                    text0        000000
__Htext1                    text1        000000
__Htext2                    text2        000000
__Htext3                    text3        000000
__Htext4                    text4        000000
__LRAM                      (abs)        000001
__Labs1                     abs1         000000
__Lbank0                    bank0        000000
__Lbank1                    bank1        000000
__Lbank10                   bank10       000000
__Lbank11                   bank11       000000
__Lbank12                   bank12       000000
__Lbank13                   bank13       000000
__Lbank14                   bank14       000000
__Lbank2                    bank2        000000
__Lbank3                    bank3        000000
__Lbank4                    bank4        000000
__Lbank5                    bank5        000000
__Lbank6                    bank6        000000
__Lbank7                    bank7        000000
__Lbank8                    bank8        000000
__Lbank9                    bank9        000000
__Lbigbss                   bigbss       000000
__Lbigdata                  bigdata      000000
__Lbigram                   bigram       000000
__Lbss                      bss          000000
__LbssBANK0                 bssBANK0     000000
__LbssCOMRAM                bssCOMRAM    000000
__Lcinit                    cinit        000000
__Lclrtext                  clrtext      000000
__Lcomram                   comram       000000
__Lconfig                   config       300000
__Lconst                    const        000000
__LcstackCOMRAM             cstackCOMRAM 000000
__Ldata                     data         000000
__LdataBANK0                dataBANK0    000000
__Leeprom_data              eeprom_data  000000
__Lend_init                 end_init     000000
__Lfarbss                   farbss       000000
__Lfardata                  fardata      000000
__Libigdata                 ibigdata     000000
__Lidata                    idata        000000
__LidataBANK0               idataBANK0   000000
__Lidloc                    idloc        200000
__Lifardata                 ifardata     000000
__Linit                     init         000000
__Lintcode                  intcode      000000
__Lintcode_body             intcode_body 000000
__Lintcodelo                intcodelo    000000
__Lintentry                 intentry     000000
__Lintret                   intret       000000
__Lintsave_regs             intsave_regs 000000
__Lirdata                   irdata       000000
__Lmediumconst              mediumconst  000000
__LnvFARRAM                 nvFARRAM     000000
__Lnvbit                    nvbit        000000
__Lnvrram                   nvrram       000000
__Lparam                    rparam       000000
__Lpowerup                  powerup      000000
__Lram                      ram          000000
__Lramtop                   ramtop       000F00
__Lrbit                     rbit         000000
__Lrbss                     rbss         000000
__Lrdata                    rdata        000000
__Lreset_vec                reset_vec    000000
__Lrparam                   rparam       000000
__Lsfr                      sfr          000000
__Lsmallconst               smallconst   000000
__Lspace_0                  (abs)        000000
__Lspace_1                  (abs)        000000
__Lspace_2                  (abs)        000000
__Lstack                    stack        000000
__Lstruct                   struct       000000
__Ltemp                     temp         000000
__Ltext                     text         000000
__Ltext0                    text0        000000
__Ltext1                    text1        000000
__Ltext2                    text2        000000
__Ltext3                    text3        000000
__Ltext4                    text4        000000
__S0                        (abs)        30000E
__S1                        (abs)        000100
__S2                        (abs)        000000
___inthi_sp                 stack        000000
___intlo_sp                 stack        000000
___sp                       stack        000000
__accesstop                 (abs)        000060
__activetblptr              (abs)        000000
__end_of__initialization    cinit        007EBC
__end_of_initComms          text4        007EFE
__end_of_initPorts          text3        007E8A
__end_of_main               text0        008000
__end_of_readAddress        text2        007FA0
__end_of_writeStringToUART  text1        007E5E
__initialization            cinit        007E8A
__mediumconst               mediumconst  000000
__pbssBANK0                 bssBANK0     000060
__pbssCOMRAM                bssCOMRAM    000059
__pcinit                    cinit        007E8A
__pcstackCOMRAM             cstackCOMRAM 000001
__pdataBANK0                dataBANK0    0000B0
__pidataBANK0               idataBANK0   007EFE
__ptext0                    text0        007FA0
__ptext1                    text1        007E38
__ptext2                    text2        007F4E
__ptext3                    text3        007E5E
__ptext4                    text4        007EC2
__ramtop                    ramtop       000F00
__size_of_initComms         (abs)        000000
__size_of_initPorts         (abs)        000000
__size_of_main              (abs)        000000
__size_of_readAddress       (abs)        000000
__size_of_writeStringToUART (abs)        000000
__smallconst                smallconst   000000
_delay_ticks                bssCOMRAM    000059
_initComms                  text4        007EC2
_initPorts                  text3        007E5E
_main                       text0        007FA0
_msg                        bssBANK0     000060
_readAddress                text2        007F4E
_state                      bssCOMRAM    00005B
_writeStringToUART          text1        007E38
end_of_initialization       cinit        007EBC
intlevel0                   text         000000
intlevel1                   text         000000
intlevel2                   text         000000
intlevel3                   text         000000
main@F19157                 dataBANK0    0000B0
main@address                cstackCOMRAM 000056
main@i                      cstackCOMRAM 000057
main@msg1                   cstackCOMRAM 000006
stackhi                     (abs)        0009FF
stacklo                     (abs)        000100
start                       init         000000
start_initialization        cinit        007E8A
writeStringToUART@msg       cstackCOMRAM 000001


FUNCTION INFORMATION:

 *************** function _main *****************
 Defined at:
		line 79 in file "main.c"
 Parameters:    Size  Location     Type
		None
 Auto vars:     Size  Location     Type
  i               2   86[COMRAM] int 
  msg1           80    5[COMRAM] unsigned char [80]
  msg2           80    0        unsigned char [80]
  address         1   85[COMRAM] unsigned char 
 Return value:  Size  Location     Type
		None               void
 Registers used:
		wreg, fsr1l, fsr1h, fsr2l, fsr2h, status,2, status,0, cstack
 Tracked objects:
		On entry : 
		On exit  : 
		Unchanged: 
 Data sizes:     COMRAM   BANK0   BANK1   BANK2   BANK3   BANK4   BANK5   BANK6   BANK7   BANK8   BANK9  BANK10  BANK11  BANK12  BANK13  BANK14
      Params:         0       0       0       0       0       0       0       0       0       0       0       0       0       0       0       0
      Locals:        83       0       0       0       0       0       0       0       0       0       0       0       0       0       0       0
      Temps:          0       0       0       0       0       0       0       0       0       0       0       0       0       0       0       0
      Totals:        83       0       0       0       0       0       0       0       0       0       0       0       0       0       0       0
Total ram usage:       83 bytes
 Hardware stack levels required when called:    1
 This function calls:
		_initComms
		_initPorts
		_readAddress
		_writeStringToUART
 This function is called by:
		Startup code after reset
 This function uses a non-reentrant model


 *************** function _writeStringToUART *****************
 Defined at:
		line 57 in file "usart.c"
 Parameters:    Size  Location     Type
  msg             2    0[COMRAM] PTR const unsigned char 
		 -> msg(80), 
 Auto vars:     Size  Location     Type
		None
 Return value:  Size  Location     Type
		None               void
 Registers used:
		wreg, fsr2l, fsr2h, status,2, status,0
 Tracked objects:
		On entry : 
		On exit  : 
		Unchanged: 
 Data sizes:     COMRAM   BANK0   BANK1   BANK2   BANK3   BANK4   BANK5   BANK6   BANK7   BANK8   BANK9  BANK10  BANK11  BANK12  BANK13  BANK14
      Params:         2       0       0       0       0       0       0       0       0       0       0       0       0       0       0       0
      Locals:         0       0       0       0       0       0       0       0       0       0       0       0       0       0       0       0
      Temps:          0       0       0       0       0       0       0       0       0       0       0       0       0       0       0       0
      Totals:         2       0       0       0       0       0       0       0       0       0       0       0       0       0       0       0
Total ram usage:        2 bytes
 Hardware stack levels used:    1
 This function calls:
		Nothing
 This function is called by:
		_main
 This function uses a non-reentrant model


 *************** function _readAddress *****************
 Defined at:
		line 123 in file "main.c"
 Parameters:    Size  Location     Type
		None
 Auto vars:     Size  Location     Type
		None
 Return value:  Size  Location     Type
                  1    wreg      unsigned char 
 Registers used:
		wreg, status,2, status,0
 Tracked objects:
		On entry : 
		On exit  : 
		Unchanged: 
 Data sizes:     COMRAM   BANK0   BANK1   BANK2   BANK3   BANK4   BANK5   BANK6   BANK7   BANK8   BANK9  BANK10  BANK11  BANK12  BANK13  BANK14
      Params:         0       0       0       0       0       0       0       0       0       0       0       0       0       0       0       0
      Locals:         0       0       0       0       0       0       0       0       0       0       0       0       0       0       0       0
      Temps:          5       0       0       0       0       0       0       0       0       0       0       0       0       0       0       0
      Totals:         5       0       0       0       0       0       0       0       0       0       0       0       0       0       0       0
Total ram usage:        5 bytes
 Hardware stack levels used:    1
 This function calls:
		Nothing
 This function is called by:
		_main
 This function uses a non-reentrant model


 *************** function _initPorts *****************
 Defined at:
		line 7 in file "port.c"
 Parameters:    Size  Location     Type
		None
 Auto vars:     Size  Location     Type
		None
 Return value:  Size  Location     Type
		None               void
 Registers used:
		wreg, status,2
 Tracked objects:
		On entry : 
		On exit  : 
		Unchanged: 
 Data sizes:     COMRAM   BANK0   BANK1   BANK2   BANK3   BANK4   BANK5   BANK6   BANK7   BANK8   BANK9  BANK10  BANK11  BANK12  BANK13  BANK14
      Params:         0       0       0       0       0       0       0       0       0       0       0       0       0       0       0       0
      Locals:         0       0       0       0       0       0       0       0       0       0       0       0       0       0       0       0
      Temps:          0       0       0       0       0       0       0       0       0       0       0       0       0       0       0       0
      Totals:         0       0       0       0       0       0       0       0       0       0       0       0       0       0       0       0
Total ram usage:        0 bytes
 Hardware stack levels used:    1
 This function calls:
		Nothing
 This function is called by:
		_main
 This function uses a non-reentrant model


 *************** function _initComms *****************
 Defined at:
		line 6 in file "usart.c"
 Parameters:    Size  Location     Type
		None
 Auto vars:     Size  Location     Type
		None
 Return value:  Size  Location     Type
		None               void
 Registers used:
		wreg, status,2
 Tracked objects:
		On entry : 
		On exit  : 
		Unchanged: 
 Data sizes:     COMRAM   BANK0   BANK1   BANK2   BANK3   BANK4   BANK5   BANK6   BANK7   BANK8   BANK9  BANK10  BANK11  BANK12  BANK13  BANK14
      Params:         0       0       0       0       0       0       0       0       0       0       0       0       0       0       0       0
      Locals:         0       0       0       0       0       0       0       0       0       0       0       0       0       0       0       0
      Temps:          0       0       0       0       0       0       0       0       0       0       0       0       0       0       0       0
      Totals:         0       0       0       0       0       0       0       0       0       0       0       0       0       0       0       0
Total ram usage:        0 bytes
 Hardware stack levels used:    1
 This function calls:
		Nothing
 This function is called by:
		_main
 This function uses a non-reentrant model



MODULE INFORMATION

Module		Function		Class		Link	Load	Size
usart.c
		_initComms     		CODE           	7EC2	0000	60
		_writeStringToU		CODE           	7E38	0000	38

usart.c estimated size: 98

port.c
		_initPorts     		CODE           	7E5E	0000	44

port.c estimated size: 44

shared
		__initializatio		CODE           	7E8A	0000	50

shared estimated size: 50

main.c
		_main          		CODE           	7FA0	0000	96
		_readAddress   		CODE           	7F4E	0000	82

main.c estimated size: 178

